// Jest Snapshot v1, https://goo.gl/fbAQLP

exports[`CustomAvatarCatalog matches snapshot for a default avatar 1`] = `
<View
  style={[]}
  testID=""
>
  <ViewManagerAdapter_ExpoImage
    cachePolicy="memory-disk"
    containerViewRef={"[React.ref]"}
    contentFit="cover"
    contentPosition={
      {
        "left": "50%",
        "top": "50%",
      }
    }
    dataComponent="NativeComponent"
    dataElement="ReactNativeComponent"
    dataSourceFile="NativeViewManagerAdapter.native.tsx"
    height={20}
    nativeViewRef={"[React.ref]"}
    onError={[Function]}
    onLoad={[Function]}
    onLoadStart={[Function]}
    onProgress={[Function]}
    placeholder={[]}
    source={
      [
        [Function],
      ]
    }
    style={
      {
        "height": 20,
        "width": 20,
      }
    }
    transition={null}
    width={20}
  />
</View>
`;
