// Jest Snapshot v1, https://goo.gl/fbAQLP

exports[`PresetAvatarCatalog matches snapshot for a default avatar 1`] = `
<View
  accessibilityElementsHidden={true}
  accessible={false}
  importantForAccessibility="no-hide-descendants"
  style={[]}
  testID=""
>
  <svg
    data-file-name="SvgDefaultAvatar_1"
    height={20}
    width={20}
  />
</View>
`;
