// Jest Snapshot v1, https://goo.gl/fbAQLP

exports[`SampleComponent should render 1`] = `
<RCTSafeAreaView
  emulateUnlessSupported={true}
  style={
    Array [
      Object {
        "backgroundColor": "#37444C",
        "height": "100%",
        "padding": 20,
      },
    ]
  }
>
  <View
    style={
      Array [
        Object {
          "marginLeft": "auto",
          "marginRight": "auto",
          "maxWidth": 325,
          "width": "100%",
        },
      ]
    }
  >
    <View
      style={
        Array [
          Object {
            "height": 72,
            "justifyContent": "center",
            "width": "100%",
          },
        ]
      }
    >
      <Image
        resizeMode="contain"
        source={
          Object {
            "testUri": "../../../assets/images/expensify-logo_reversed.png",
          }
        }
        style={
          Array [
            Object {
              "height": 21,
              "width": 143,
            },
          ]
        }
      />
    </View>
    <View
      style={
        Array [
          Object {
            "marginBottom": 16,
          },
        ]
      }
    >
      <Text
        style={
          Array [
            Object {
              "fontSize": 13,
              "fontWeight": "600",
              "lineHeight": 18,
              "marginBottom": 4,
            },
            Object {
              "color": "#FFFFFF",
            },
          ]
        }
      >
        Login
      </Text>
      <TextInput
        allowFontScaling={true}
        autoCompleteType="email"
        onChangeText={[Function]}
        onSubmitEditing={[Function]}
        placeholder="Login"
        rejectResponderTermination={true}
        style={
          Array [
            Object {
              "backgroundColor": "#FFFFFF",
              "borderColor": "#ECECEC",
              "borderRadius": 8,
              "borderWidth": 1,
              "color": "#4A5960",
              "fontFamily": "GTAmericaExp-Regular",
              "height": 40,
              "padding": 12,
              "textAlignVertical": "center",
            },
            Object {
              "backgroundColor": "#37444C",
              "borderColor": "#4A5960",
              "borderRadius": 8,
              "borderWidth": 1,
              "color": "#FFFFFF",
              "outline": "none",
              "padding": 12,
            },
          ]
        }
        textContentType="username"
        underlineColorAndroid="transparent"
        value=""
      />
    </View>
    <View
      style={
        Array [
          Object {
            "marginBottom": 16,
          },
        ]
      }
    >
      <Text
        style={
          Array [
            Object {
              "fontSize": 13,
              "fontWeight": "600",
              "lineHeight": 18,
              "marginBottom": 4,
            },
            Object {
              "color": "#FFFFFF",
            },
          ]
        }
      >
        Password
      </Text>
      <TextInput
        allowFontScaling={true}
        autoCompleteType="password"
        onChangeText={[Function]}
        onSubmitEditing={[Function]}
        placeholder="Password"
        rejectResponderTermination={true}
        secureTextEntry={true}
        style={
          Array [
            Object {
              "backgroundColor": "#FFFFFF",
              "borderColor": "#ECECEC",
              "borderRadius": 8,
              "borderWidth": 1,
              "color": "#4A5960",
              "fontFamily": "GTAmericaExp-Regular",
              "height": 40,
              "padding": 12,
              "textAlignVertical": "center",
            },
            Object {
              "backgroundColor": "#37444C",
              "borderColor": "#4A5960",
              "borderRadius": 8,
              "borderWidth": 1,
              "color": "#FFFFFF",
              "outline": "none",
              "padding": 12,
            },
          ]
        }
        textContentType="password"
        underlineColorAndroid="transparent"
        value=""
      />
    </View>
    <View
      style={
        Array [
          Object {
            "marginBottom": 16,
          },
        ]
      }
    >
      <Text
        style={
          Array [
            Object {
              "fontSize": 13,
              "fontWeight": "600",
              "lineHeight": 18,
              "marginBottom": 4,
            },
            Object {
              "color": "#FFFFFF",
            },
          ]
        }
      >
        Two Factor Code
      </Text>
      <TextInput
        allowFontScaling={true}
        onChangeText={[Function]}
        onSubmitEditing={[Function]}
        placeholder="Required when 2FA is enabled"
        placeholderTextColor="#C6C9CA"
        rejectResponderTermination={true}
        style={
          Array [
            Object {
              "backgroundColor": "#FFFFFF",
              "borderColor": "#ECECEC",
              "borderRadius": 8,
              "borderWidth": 1,
              "color": "#4A5960",
              "fontFamily": "GTAmericaExp-Regular",
              "height": 40,
              "padding": 12,
              "textAlignVertical": "center",
            },
            Object {
              "backgroundColor": "#37444C",
              "borderColor": "#4A5960",
              "borderRadius": 8,
              "borderWidth": 1,
              "color": "#FFFFFF",
              "outline": "none",
              "padding": 12,
            },
          ]
        }
        underlineColorAndroid="transparent"
        value=""
      />
    </View>
    <View>
      <View
        accessible={true}
        focusable={true}
        onClick={[Function]}
        onResponderGrant={[Function]}
        onResponderMove={[Function]}
        onResponderRelease={[Function]}
        onResponderTerminate={[Function]}
        onResponderTerminationRequest={[Function]}
        onStartShouldSetResponder={[Function]}
        style={
          Object {
            "backgroundColor": "#2ECB70",
            "borderColor": "#ECECEC",
            "borderRadius": 8,
            "borderWidth": 0,
            "height": 40,
            "justifyContent": "center",
            "marginBottom": 16,
            "opacity": 1,
          }
        }
      >
        <Text
          style={
            Array [
              Object {
                "color": "#4A5960",
                "fontWeight": "700",
                "textAlign": "center",
              },
              Object {
                "color": "#FFFFFF",
              },
            ]
          }
        >
          Log In
        </Text>
      </View>
    </View>
  </View>
</RCTSafeAreaView>
`;
