$ npx @oxlint/migrate --type-aware --details eslint.config.mjs

✨ .oxlintrc.json created with 427 rules.
   Skipped 76 rules:
     - 7 Nursery
       - no-unreachable-loop
       - no-restricted-exports
       - import/export
       - import/named
       - no-undef
       - react/require-render-return
       - @typescript-eslint/prefer-optional-chain
     - 16 Not Implemented
       - no-restricted-syntax
       - import/no-useless-path-segments
       - import/no-import-module-exports
       - import/no-relative-packages
       - strict
       - one-var
       - jsdoc/check-param-names
       - jsdoc/check-types
       - jsdoc/no-types
       - react/jsx-no-bind
       - react/no-typos
       - react/no-arrow-function-lifecycle
       - react/no-invalid-html-attribute
       - import/no-extraneous-dependencies
       - @typescript-eslint/naming-convention
       - jsdoc/require-jsdoc
     - 53 Unsupported (mostly deprecated stylistic rules, PropTypes-era react rules, and:)
       - import/order: covered by Oxfmt import sorting
       - react-hooks/static-components, use-memo, preserve-manual-memoization,
         incompatible-library, immutability, globals, refs, set-state-in-effect,
         error-boundaries, purity, set-state-in-render, unsupported-syntax, config,
         gating, component-hook-factories:
         "React Compiler rules are implemented experimentally as `react/react-compiler`.
          We will split them into separate rules once they stabilize."
👉 Re-run with flags to include more:
     npx @oxlint/migrate eslint.config.mjs --with-nursery
⚠️  Warnings (14):
   * Settings not migrated (not supported by oxlint):
     * `import/resolver`, `import/extensions`, `import/core-modules`, `import/ignore`
   * special parser detected: @babel/eslint-parser
   * react.version "detect" is not supported. Specify an explicit version (e.g., "18.2.0") in your oxlint config.
   * Settings not migrated (not supported by oxlint): `import/resolver`, `react.pragma`
   * Settings found under a 'files' pattern — oxlint does not support settings in overrides and they will be skipped:
     * `import/parsers`, `import/external-module-folders`
   * ESLint AND glob patterns (nested arrays in files) are not supported in oxlint: ["**/*.ts",null] (x6 for ts/tsx/js/jsx/mjs/cjs)
   * Settings found under a 'files' pattern — skipped: `import/resolver`, `import/extensions`, `import/parsers`
   * ignore list inside overrides is not supported
   * Added 1058 globals to the root config. This may happen when your ESLint config uses a
     different version of the `globals` package than @oxlint/migrate.
